// Jest Snapshot v1, https://goo.gl/fbAQLP

exports[`Header:  Header to match snapshot 1`] = `
<BrowserRouter>
  <Router
    history={
      Object {
        "action": "POP",
        "block": [Function],
        "createHref": [Function],
        "go": [Function],
        "goBack": [Function],
        "goForward": [Function],
        "length": 1,
        "listen": [Function],
        "location": Object {
          "hash": "",
          "pathname": "/",
          "search": "",
          "state": undefined,
        },
        "push": [Function],
        "replace": [Function],
      }
    }
  >
    <Header>
      <header
        className="header"
      >
        <span
          className="title"
        >
          Movie app
        </span>
      </header>
    </Header>
  </Router>
</BrowserRouter>
`;
