// Jest Snapshot v1, https://goo.gl/fbAQLP

exports[`LinkButton:  LinkButton to match snapshot 1`] = `
<BrowserRouter>
  <Router
    history={
      Object {
        "action": "POP",
        "block": [Function],
        "createHref": [Function],
        "go": [Function],
        "goBack": [Function],
        "goForward": [Function],
        "length": 1,
        "listen": [Function],
        "location": Object {
          "hash": "",
          "pathname": "/",
          "search": "",
          "state": undefined,
        },
        "push": [Function],
        "replace": [Function],
      }
    }
  >
    <LinkButton
      to="/"
    >
      <Link
        replace={false}
        to="/"
      >
        <a
          href="/"
          onClick={[Function]}
        >
          <span
            className="link"
          />
        </a>
      </Link>
    </LinkButton>
  </Router>
</BrowserRouter>
`;
