// Jest Snapshot v1, https://goo.gl/fbAQLP

exports[`ErrorBoundaryContainer:  2. Render error message in component 1`] = `<ErrorBoundaryComponent />`;

exports[`ErrorBoundaryContainer:  3. Render children if no error 1`] = `"Hi"`;
