// Jest Snapshot v1, https://goo.gl/fbAQLP

exports[`Navigation:  Navigation to match snapshot 1`] = `
<Navigation>
  <div
    className="navigation"
  >
    Hi
  </div>
</Navigation>
`;
