// Jest Snapshot v1, https://goo.gl/fbAQLP

exports[`MoviesListComponent:  1. To match snapshot - no movies 1`] = `
<div
  className="movie-list"
>
  <span
    className="movie-list__message"
  >
     No movies that match your query 
  </span>
</div>
`;

exports[`MoviesListComponent:  2. To match snapshot - with movies 1`] = `
<div
  className="movie-list"
>
  <MoviesListItemComponent
    genres={
      Array [
        "Action",
      ]
    }
    id={1}
    key="Captain Marvel_0"
    link="https://www.youtube.com/watch?v=0LHxvxdRnYc"
    overview="Carol Danvers becomes one of the universe\`s most powerful heroes when Earth is caught in the middle of a galactic war between two alien races."
    poster_path="https://m.media-amazon.com/images/M/MV5BMTE0YWFmOTMtYTU2ZS00ZTIxLWE3OTEtYTNiYzBkZjViZThiXkEyXkFqcGdeQXVyODMzMzQ4OTI@._V1_SY1000_CR0,0,675,1000_AL_.jpg"
    release_date="2019"
    runtime="120min"
    title="Captain Marvel"
    vote_average="4.0"
  />
  <MoviesListItemComponent
    genres={
      Array [
        "Action",
      ]
    }
    id={2}
    key="Captain Marvel_1"
    link="https://www.youtube.com/watch?v=0LHxvxdRnYc"
    overview="Carol Danvers becomes one of the universe\`s most powerful heroes when Earth is caught in the middle of a galactic war between two alien races."
    poster_path="https://m.media-amazon.com/images/M/MV5BMTE0YWFmOTMtYTU2ZS00ZTIxLWE3OTEtYTNiYzBkZjViZThiXkEyXkFqcGdeQXVyODMzMzQ4OTI@._V1_SY1000_CR0,0,675,1000_AL_.jpg"
    release_date="2019"
    runtime={120}
    title="Captain Marvel"
    vote_average={5}
  />
</div>
`;
