// Jest Snapshot v1, https://goo.gl/fbAQLP

exports[`test:  MoviesListComponent to match no films snapshot 1`] = `
<div
  className="movie-list"
>
  <span
    className="movie-list__message"
  >
     No movies that match your query 
  </span>
</div>
`;

exports[`test:  MoviesListComponent to match no films snapshot 2`] = `
<div
  className="movie-list"
>
  <MoviesListItemComponent
    description="Carol Danvers becomes one of the universe\`s most powerful heroes when Earth is caught in the middle of a galactic war between two alien races."
    duration="120min"
    genre="Action"
    id="1"
    key="Captain Marvel_0"
    link="https://www.youtube.com/watch?v=0LHxvxdRnYc"
    picLink="https://m.media-amazon.com/images/M/MV5BMTE0YWFmOTMtYTU2ZS00ZTIxLWE3OTEtYTNiYzBkZjViZThiXkEyXkFqcGdeQXVyODMzMzQ4OTI@._V1_SY1000_CR0,0,675,1000_AL_.jpg"
    rating="4.0"
    title="Captain Marvel"
    year={2019}
  />
  <MoviesListItemComponent
    description="Carol Danvers becomes one of the universe\`s most powerful heroes when Earth is caught in the middle of a galactic war between two alien races."
    duration="120min"
    genre="Action"
    id="2"
    key="Captain Marvel_1"
    link="https://www.youtube.com/watch?v=0LHxvxdRnYc"
    picLink="https://m.media-amazon.com/images/M/MV5BMTE0YWFmOTMtYTU2ZS00ZTIxLWE3OTEtYTNiYzBkZjViZThiXkEyXkFqcGdeQXVyODMzMzQ4OTI@._V1_SY1000_CR0,0,675,1000_AL_.jpg"
    rating="4.0"
    title="Captain Marvel"
    year={2019}
  />
</div>
`;
