// Jest Snapshot v1, https://goo.gl/fbAQLP

exports[`Footer:  Footer to match snapshot 1`] = `
<Footer>
  <footer
    className="footer"
  >
    <span
      className="footer__text"
    >
      Copyright elkin (c) 2019
    </span>
  </footer>
</Footer>
`;
